[    0.000000] Linux version 4.15.0-202-generic (buildd@lcy02-amd64-115) (gcc version 7.5.0 (Ubuntu 7.5.0-3ubuntu1~18.04)) #213-Ubuntu SMP Thu Jan 5 19:19:12 UTC 2023 (Ubuntu 4.15.0-202.213-generic 4.15.18)
[    0.000000] Command line: BOOT_IMAGE=/boot/vmlinuz-4.15.0-202-generic root=LABEL=cloudimg-rootfs ro console=tty1 console=ttyS0
[    0.000000] KERNEL supported cpus:
[    0.000000]   Intel GenuineIntel
[    0.000000]   AMD AuthenticAMD
[    0.000000]   Centaur CentaurHauls
[    0.000000] x86/fpu: x87 FPU will use FXSAVE
[    0.000000] e820: BIOS-provided physical RAM map:
[    0.000000] BIOS-e820: [mem 0x0000000000000000-0x000000000009fbff] usable
[    0.000000] BIOS-e820: [mem 0x000000000009fc00-0x000000000009ffff] reserved
[    0.000000] BIOS-e820: [mem 0x00000000000f0000-0x00000000000fffff] reserved
[    0.000000] BIOS-e820: [mem 0x0000000000100000-0x000000003ffeffff] usable
[    0.000000] BIOS-e820: [mem 0x000000003fff0000-0x000000003fffffff] ACPI data
[    0.000000] BIOS-e820: [mem 0x00000000fec00000-0x00000000fec00fff] reserved
[    0.000000] BIOS-e820: [mem 0x00000000fee00000-0x00000000fee00fff] reserved
[    0.000000] BIOS-e820: [mem 0x00000000fffc0000-0x00000000ffffffff] reserved
[    0.000000] NX (Execute Disable) protection: active
[    0.000000] SMBIOS 2.5 present.
[    0.000000] DMI: innotek GmbH VirtualBox/VirtualBox, BIOS VirtualBox 12/01/2006
[    0.000000] Hypervisor detected: KVM
[    0.000000] e820: last_pfn = 0x3fff0 max_arch_pfn = 0x400000000
[    0.000000] MTRR: Disabled
[    0.000000] x86/PAT: MTRRs disabled, skipping PAT initialization too.
[    0.000000] CPU MTRRs all blank - virtualized system.
[    0.000000] x86/PAT: Configuration [0-7]: WB  WT  UC- UC  WB  WT  UC- UC  
[    0.000000] found SMP MP-table at [mem 0x0009fff0-0x0009ffff]
[    0.000000] Scanning 1 areas for low memory corruption
[    0.000000] RAMDISK: [mem 0x359c9000-0x36cdbfff]
[    0.000000] ACPI: Early table checksum verification disabled
[    0.000000] ACPI: RSDP 0x00000000000E0000 000024 (v02 VBOX  )
[    0.000000] ACPI: XSDT 0x000000003FFF0030 00003C (v01 VBOX   VBOXXSDT 00000001 ASL  00000061)
[    0.000000] ACPI: FACP 0x000000003FFF00F0 0000F4 (v04 VBOX   VBOXFACP 00000001 ASL  00000061)
[    0.000000] ACPI: DSDT 0x000000003FFF0470 002325 (v02 VBOX   VBOXBIOS 00000002 INTL 20100528)
[    0.000000] ACPI: FACS 0x000000003FFF0200 000040
[    0.000000] ACPI: FACS 0x000000003FFF0200 000040
[    0.000000] ACPI: APIC 0x000000003FFF0240 00005C (v02 VBOX   VBOXAPIC 00000001 ASL  00000061)
[    0.000000] ACPI: SSDT 0x000000003FFF02A0 0001CC (v01 VBOX   VBOXCPUT 00000002 INTL 20100528)
[    0.000000] ACPI: Reserving FACP table memory at [mem 0x3fff00f0-0x3fff01e3]
[    0.000000] ACPI: Reserving DSDT table memory at [mem 0x3fff0470-0x3fff2794]
[    0.000000] ACPI: Reserving FACS table memory at [mem 0x3fff0200-0x3fff023f]
[    0.000000] ACPI: Reserving FACS table memory at [mem 0x3fff0200-0x3fff023f]
[    0.000000] ACPI: Reserving APIC table memory at [mem 0x3fff0240-0x3fff029b]
[    0.000000] ACPI: Reserving SSDT table memory at [mem 0x3fff02a0-0x3fff046b]
[    0.000000] No NUMA configuration found
[    0.000000] Faking a node at [mem 0x0000000000000000-0x000000003ffeffff]
[    0.000000] NODE_DATA(0) allocated [mem 0x3ffc5000-0x3ffeffff]
[    0.000000] kvm-clock: cpu 0, msr 0:3ff44001, primary cpu clock
[    0.000000] kvm-clock: Using msrs 4b564d01 and 4b564d00
[    0.000000] kvm-clock: using sched offset of 6719006290 cycles
[    0.000000] clocksource: kvm-clock: mask: 0xffffffffffffffff max_cycles: 0x1cd42e4dffb, max_idle_ns: 881590591483 ns
[    0.000000] Zone ranges:
[    0.000000]   DMA      [mem 0x0000000000001000-0x0000000000ffffff]
[    0.000000]   DMA32    [mem 0x0000000001000000-0x000000003ffeffff]
[    0.000000]   Normal   empty
[    0.000000]   Device   empty
[    0.000000] Movable zone start for each node
[    0.000000] Early memory node ranges
[    0.000000]   node   0: [mem 0x0000000000001000-0x000000000009efff]
[    0.000000]   node   0: [mem 0x0000000000100000-0x000000003ffeffff]
[    0.000000] Reserved but unavailable: 104 pages
[    0.000000] Initmem setup node 0 [mem 0x0000000000001000-0x000000003ffeffff]
[    0.000000] ACPI: PM-Timer IO Port: 0x4008
[    0.000000] IOAPIC[0]: apic_id 2, version 32, address 0xfec00000, GSI 0-23
[    0.000000] ACPI: INT_SRC_OVR (bus 0 bus_irq 0 global_irq 2 dfl dfl)
[    0.000000] ACPI: INT_SRC_OVR (bus 0 bus_irq 9 global_irq 9 low level)
[    0.000000] Using ACPI (MADT) for SMP configuration information
[    0.000000] smpboot: Allowing 2 CPUs, 0 hotplug CPUs
[    0.000000] PM: Registered nosave memory: [mem 0x00000000-0x00000fff]
[    0.000000] PM: Registered nosave memory: [mem 0x0009f000-0x0009ffff]
[    0.000000] PM: Registered nosave memory: [mem 0x000a0000-0x000effff]
[    0.000000] PM: Registered nosave memory: [mem 0x000f0000-0x000fffff]
[    0.000000] e820: [mem 0x40000000-0xfebfffff] available for PCI devices
[    0.000000] Booting paravirtualized kernel on KVM
[    0.000000] clocksource: refined-jiffies: mask: 0xffffffff max_cycles: 0xffffffff, max_idle_ns: 7645519600211568 ns
[    0.000000] setup_percpu: NR_CPUS:8192 nr_cpumask_bits:2 nr_cpu_ids:2 nr_node_ids:1
[    0.000000] percpu: Embedded 50 pages/cpu s167936 r8192 d28672 u1048576
[    0.000000] PV qspinlock hash table entries: 256 (order: 0, 4096 bytes)
[    0.000000] Built 1 zonelists, mobility grouping on.  Total pages: 257913
[    0.000000] Policy zone: DMA32
[    0.000000] Kernel command line: BOOT_IMAGE=/boot/vmlinuz-4.15.0-202-generic root=LABEL=cloudimg-rootfs ro console=tty1 console=ttyS0
[    0.000000] Memory: 982648K/1048120K available (12300K kernel code, 2477K rwdata, 4320K rodata, 2472K init, 2720K bss, 65472K reserved, 0K cma-reserved)
[    0.000000] SLUB: HWalign=64, Order=0-3, MinObjects=0, CPUs=2, Nodes=1
[    0.000000] ftrace: allocating 39478 entries in 155 pages
[    0.004000] Hierarchical RCU implementation.
[    0.004000] 	RCU restricting CPUs from NR_CPUS=8192 to nr_cpu_ids=2.
[    0.004000] 	Tasks RCU enabled.
[    0.004000] RCU: Adjusting geometry for rcu_fanout_leaf=16, nr_cpu_ids=2
[    0.004000] NR_IRQS: 524544, nr_irqs: 440, preallocated irqs: 16
[    0.004000] Console: colour VGA+ 80x25
[    0.004000] console [tty1] enabled
[    0.004000] console [ttyS0] enabled
[    0.004000] ACPI: Core revision 20170831
[    0.004000] ACPI: 2 ACPI AML tables successfully acquired and loaded
[    0.004000] APIC: Switch to symmetric I/O mode setup
[    0.004000] ..TIMER: vector=0x30 apic1=0 pin1=2 apic2=-1 pin2=-1
[    0.004008] tsc: Detected 2419.198 MHz processor
[    0.008029] Calibrating delay loop (skipped) preset value.. 4838.39 BogoMIPS (lpj=9676792)
[    0.012016] pid_max: default: 32768 minimum: 301
[    0.016384] Security Framework initialized
[    0.020014] Yama: becoming mindful.
[    0.024314] AppArmor: AppArmor initialized
[    0.040841] Dentry cache hash table entries: 131072 (order: 8, 1048576 bytes)
[    0.053169] Inode-cache hash table entries: 65536 (order: 7, 524288 bytes)
[    0.056308] Mount-cache hash table entries: 2048 (order: 2, 16384 bytes)
[    0.060244] Mountpoint-cache hash table entries: 2048 (order: 2, 16384 bytes)
[    0.071069] Last level iTLB entries: 4KB 0, 2MB 0, 4MB 0
[    0.072012] Last level dTLB entries: 4KB 0, 2MB 0, 4MB 0, 1GB 0
[    0.076018] Spectre V1 : Mitigation: usercopy/swapgs barriers and __user pointer sanitization
[    0.080017] Spectre V2 : Mitigation: Enhanced IBRS
[    0.088010] Spectre V2 : Spectre v2 / SpectreRSB mitigation: Filling RSB on context switch
[    0.092015] Speculative Store Bypass: Vulnerable
[    0.100224] Freeing SMP alternatives memory: 36K
[    0.228000] smpboot: CPU0: 11th Gen Intel(R) Core(TM) i5-1135G7 @ 2.40GHz (family: 0x6, model: 0x8c, stepping: 0x1)
[    0.229540] Performance Events: unsupported p6 CPU model 140 no PMU driver, software events only.
[    0.232563] Hierarchical SRCU implementation.
[    0.242620] NMI watchdog: Perf event create on CPU 0 failed with -2
[    0.244012] NMI watchdog: Perf NMI watchdog permanently disabled
[    0.248780] smp: Bringing up secondary CPUs ...
[    0.257142] x86: Booting SMP configuration:
[    0.260012] .... node  #0, CPUs:      #1
[    0.004000] kvm-clock: cpu 1, msr 0:3ff44041, secondary cpu clock
[    0.288000] TSC synchronization [CPU#0 -> CPU#1]:
[    0.288000] Measured 139274 cycles TSC warp between CPUs, turning off TSC clock.
[    0.288000] tsc: Marking TSC unstable due to check_tsc_sync_source failed
[    0.296860] smp: Brought up 1 node, 2 CPUs
[    0.300018] smpboot: Max logical packages: 1
[    0.304016] smpboot: Total of 2 processors activated (9676.79 BogoMIPS)
[    0.316401] devtmpfs: initialized
[    0.320364] x86/mm: Memory block size: 128MB
[    0.325766] evm: security.selinux
[    0.328010] evm: security.SMACK64
[    0.332015] evm: security.SMACK64EXEC
[    0.336013] evm: security.SMACK64TRANSMUTE
[    0.340011] evm: security.SMACK64MMAP
[    0.344016] evm: security.apparmor
[    0.348010] evm: security.ima
[    0.352015] evm: security.capability
[    0.361949] clocksource: jiffies: mask: 0xffffffff max_cycles: 0xffffffff, max_idle_ns: 7645041785100000 ns
[    0.364048] futex hash table entries: 512 (order: 3, 32768 bytes)
[    0.368373] pinctrl core: initialized pinctrl subsystem
[    0.372903] RTC time:  2:02:14, date: 02/16/23
[    0.378940] NET: Registered protocol family 16
[    0.384199] audit: initializing netlink subsys (disabled)
[    0.392444] audit: type=2000 audit(1676512940.934:1): state=initialized audit_enabled=0 res=1
[    0.416027] cpuidle: using governor ladder
[    0.424024] cpuidle: using governor menu
[    0.428133] ACPI: bus type PCI registered
[    0.432018] acpiphp: ACPI Hot Plug PCI Controller Driver version: 0.5
[    0.437732] PCI: Using configuration type 1 for base access
[    0.456557] HugeTLB registered 2.00 MiB page size, pre-allocated 0 pages
[    0.472666] ACPI: Added _OSI(Module Device)
[    0.476015] ACPI: Added _OSI(Processor Device)
[    0.480020] ACPI: Added _OSI(3.0 _SCP Extensions)
[    0.484012] ACPI: Added _OSI(Processor Aggregator Device)
[    0.488015] ACPI: Added _OSI(Linux-Dell-Video)
[    0.492018] ACPI: Added _OSI(Linux-Lenovo-NV-HDMI-Audio)
[    0.496015] ACPI: Added _OSI(Linux-HPI-Hybrid-Graphics)
[    0.502450] ACPI: Executed 1 blocks of module-level executable AML code
[    0.520627] ACPI: Interpreter enabled
[    0.524056] ACPI: (supports S0 S5)
[    0.528013] ACPI: Using IOAPIC for interrupt routing
[    0.533822] PCI: Using host bridge windows from ACPI; if necessary, use "pci=nocrs" and report a bug
[    0.536938] ACPI: Enabled 2 GPEs in block 00 to 07
[    0.574495] ACPI: PCI Root Bridge [PCI0] (domain 0000 [bus 00-ff])
[    0.576043] acpi PNP0A03:00: _OSC: OS supports [ASPM ClockPM Segments MSI]
[    0.585792] acpi PNP0A03:00: _OSC: not requesting OS control; OS requires [ExtendedConfig ASPM ClockPM MSI]
[    0.588069] acpi PNP0A03:00: fail to add MMCONFIG information, can't access extended PCI configuration space under this bridge.
[    0.594097] PCI host bridge to bus 0000:00
[    0.596018] pci_bus 0000:00: root bus resource [io  0x0000-0x0cf7 window]
[    0.600020] pci_bus 0000:00: root bus resource [io  0x0d00-0xffff window]
[    0.604014] pci_bus 0000:00: root bus resource [mem 0x000a0000-0x000bffff window]
[    0.608019] pci_bus 0000:00: root bus resource [mem 0x40000000-0xfdffffff window]
[    0.612013] pci_bus 0000:00: root bus resource [bus 00-ff]
[    0.624820] pci 0000:00:01.1: legacy IDE quirk: reg 0x10: [io  0x01f0-0x01f7]
[    0.628014] pci 0000:00:01.1: legacy IDE quirk: reg 0x14: [io  0x03f6]
[    0.632014] pci 0000:00:01.1: legacy IDE quirk: reg 0x18: [io  0x0170-0x0177]
[    0.636024] pci 0000:00:01.1: legacy IDE quirk: reg 0x1c: [io  0x0376]
[    0.712635] pci 0000:00:07.0: quirk: [io  0x4000-0x403f] claimed by PIIX4 ACPI
[    0.716091] pci 0000:00:07.0: quirk: [io  0x4100-0x410f] claimed by PIIX4 SMB
[    0.764109] ACPI: PCI Interrupt Link [LNKA] (IRQs 5 9 10 *11)
[    0.769106] ACPI: PCI Interrupt Link [LNKB] (IRQs 5 9 *10 11)
[    0.772339] ACPI: PCI Interrupt Link [LNKC] (IRQs 5 *9 10 11)
[    0.776603] ACPI: PCI Interrupt Link [LNKD] (IRQs 5 9 10 *11)
[    0.785150] SCSI subsystem initialized
[    0.788355] pci 0000:00:02.0: vgaarb: setting as boot VGA device
[    0.792000] pci 0000:00:02.0: vgaarb: VGA device added: decodes=io+mem,owns=io+mem,locks=none
[    0.792028] pci 0000:00:02.0: vgaarb: bridge control possible
[    0.796010] vgaarb: loaded
[    0.800275] ACPI: bus type USB registered
[    0.804174] usbcore: registered new interface driver usbfs
[    0.808172] usbcore: registered new interface driver hub
[    0.812041] usbcore: registered new device driver usb
[    0.820196] EDAC MC: Ver: 3.0.0
[    0.828876] PCI: Using ACPI for IRQ routing
[    0.837450] NetLabel: Initializing
[    0.840009] NetLabel:  domain hash size = 128
[    0.844021] NetLabel:  protocols = UNLABELED CIPSOv4 CALIPSO
[    0.848098] NetLabel:  unlabeled traffic allowed by default
[    0.857423] clocksource: Switched to clocksource kvm-clock
[    0.883778] VFS: Disk quotas dquot_6.6.0
[    0.883778] VFS: Dquot-cache hash table entries: 512 (order 0, 4096 bytes)
[    0.883778] AppArmor: AppArmor Filesystem Enabled
[    0.883778] pnp: PnP ACPI init
[    0.883778] pnp: PnP ACPI: found 3 devices
[    1.157983] clocksource: acpi_pm: mask: 0xffffff max_cycles: 0xffffff, max_idle_ns: 2085701024 ns
[    1.161807] NET: Registered protocol family 2
[    1.161807] IP idents hash table entries: 16384 (order: 5, 131072 bytes)
[    1.223352] TCP established hash table entries: 8192 (order: 4, 65536 bytes)
[    1.243712] TCP bind hash table entries: 8192 (order: 5, 131072 bytes)
[    1.265762] TCP: Hash tables configured (established 8192 bind 8192)
[    1.286313] UDP hash table entries: 512 (order: 2, 16384 bytes)
[    1.302342] UDP-Lite hash table entries: 512 (order: 2, 16384 bytes)
[    1.322656] NET: Registered protocol family 1
[    1.326111] pci 0000:00:00.0: Limiting direct PCI/PCI transfers
[    1.326111] pci 0000:00:01.0: Activating ISA DMA hang workarounds
[    1.366556] pci 0000:00:02.0: Video device with shadowed ROM at [mem 0x000c0000-0x000dffff]
[    1.369880] Unpacking initramfs...
[    2.958524] Freeing initrd memory: 19532K
[    2.972576] clocksource: tsc: mask: 0xffffffffffffffff max_cycles: 0x22df0f35937, max_idle_ns: 440795269039 ns
[    3.001456] platform rtc_cmos: registered platform RTC device (no PNP device found)
[    3.025008] Scanning for low memory corruption every 60 seconds
[    3.048029] Initialise system trusted keyrings
[    3.059365] Key type blacklist registered
[    3.072917] workingset: timestamp_bits=36 max_order=18 bucket_order=0
[    3.096471] zbud: loaded
[    3.108059] squashfs: version 4.0 (2009/01/31) Phillip Lougher
[    3.127045] fuse init (API version 7.26)
[    3.218015] Key type asymmetric registered
[    3.231182] Asymmetric key parser 'x509' registered
[    3.244031] Block layer SCSI generic (bsg) driver version 0.4 loaded (major 246)
[    3.260610] io scheduler noop registered
[    3.268156] io scheduler deadline registered
[    3.278186] io scheduler cfq registered (default)
[    3.286672] ACPI: AC Adapter [AC] (off-line)
[    3.295762] input: Power Button as /devices/LNXSYSTM:00/LNXPWRBN:00/input/input0
[    3.317439] ACPI: Power Button [PWRF]
[    3.326494] input: Sleep Button as /devices/LNXSYSTM:00/LNXSLPBN:00/input/input1
[    3.343285] ACPI: Sleep Button [SLPF]
[    3.356883] Serial: 8250/16550 driver, 32 ports, IRQ sharing enabled
[    3.360623] ACPI: Battery Slot [BAT0] (battery present)
[    3.445952] 00:02: ttyS0 at I/O 0x3f8 (irq = 4, base_baud = 115200) is a 16550A
[    3.476536] Linux agpgart interface v0.103
[    3.512317] loop: module loaded
[    3.534072] scsi host0: ata_piix
[    3.549847] scsi host1: ata_piix
[    3.561369] ata1: PATA max UDMA/33 cmd 0x1f0 ctl 0x3f6 bmdma 0xd000 irq 14
[    3.582976] ata2: PATA max UDMA/33 cmd 0x170 ctl 0x376 bmdma 0xd008 irq 15
[    3.608906] tun: Universal TUN/TAP device driver, 1.6
[    3.617981] PPP generic driver version 2.4.2
[    3.628232] ehci_hcd: USB 2.0 'Enhanced' Host Controller (EHCI) Driver
[    3.644399] ehci-pci: EHCI PCI platform driver
[    3.656133] ehci-platform: EHCI generic platform driver
[    3.668775] ohci_hcd: USB 1.1 'Open' Host Controller (OHCI) Driver
[    3.682352] ohci-pci: OHCI PCI platform driver
[    3.692255] ohci-platform: OHCI generic platform driver
[    3.702397] uhci_hcd: USB Universal Host Controller Interface driver
[    3.714945] i8042: PNP: PS/2 Controller [PNP0303:PS2K,PNP0f03:PS2M] at 0x60,0x64 irq 1,12
[    3.739024] serio: i8042 KBD port at 0x60,0x64 irq 1
[    3.751425] serio: i8042 AUX port at 0x60,0x64 irq 12
[    3.885234] mousedev: PS/2 mouse device common for all mice
[    3.907269] rtc_cmos rtc_cmos: rtc core: registered rtc_cmos as rtc0
[    3.922229] rtc_cmos rtc_cmos: alarms up to one day, 114 bytes nvram
[    3.938026] i2c /dev entries driver
[    3.948614] input: AT Translated Set 2 keyboard as /devices/platform/i8042/serio0/input/input2
[    3.972646] device-mapper: uevent: version 1.0.3
[    3.987281] device-mapper: ioctl: 4.37.0-ioctl (2017-09-20) initialised: dm-devel@redhat.com
[    4.010185] ledtrig-cpu: registered to indicate activity on CPUs
[    4.035994] NET: Registered protocol family 10
[    4.082084] Segment Routing with IPv6
[    4.095929] NET: Registered protocol family 17
[    4.113024] Key type dns_resolver registered
[    4.129378] mce: Using 0 MCE banks
[    4.141419] RAS: Correctable Errors collector initialized.
[    4.161139] sched_clock: Marking stable (4160991915, 0)->(7063432360, -2902440445)
[    4.189731] registered taskstats version 1
[    4.201213] Loading compiled-in X.509 certificates
[    4.228768] Loaded X.509 cert 'Build time autogenerated kernel key: f114f3958ed3c37ba1924ca66ae8368f3c35b0e4'
[    4.262631] Loaded X.509 cert 'Canonical Ltd. Live Patch Signing: 14df34d1a87cf37625abec039ef2bf521249b969'
[    4.293312] Loaded X.509 cert 'Canonical Ltd. Kernel Module Signing: 88f752e560a1e0737e31163a466ad7b70a850c19'
[    4.320809] blacklist: Loading compiled-in revocation X.509 certificates
[    4.339533] Loaded X.509 cert 'Canonical Ltd. Secure Boot Signing: 61482aa2830d0ab2ad5af10b7250da9033ddcef0'
[    4.368973] zswap: loaded using pool lzo/zbud
[    4.402439] Key type big_key registered
[    4.411555] Key type trusted registered
[    4.430634] Key type encrypted registered
[    4.439830] AppArmor: AppArmor sha1 policy hashing enabled
[    4.449630] ima: No TPM chip found, activating TPM-bypass! (rc=-19)
[    4.464369] ima: Allocated hash algorithm: sha1
[    4.471367] evm: HMAC attrs: 0x1
[    4.482666]   Magic number: 11:347:5
[    4.496887] rtc_cmos rtc_cmos: setting system clock to 2023-02-16 02:02:19 UTC (1676512939)
[    4.519995] BIOS EDD facility v0.16 2004-Jun-25, 0 devices found
[    4.535937] EDD information not available.
[    4.573587] Freeing unused kernel image memory: 2472K
[    4.613078] Write protecting the kernel read-only data: 20480k
[    4.656221] Freeing unused kernel image memory: 2008K
[    4.669199] Freeing unused kernel image memory: 1824K
[    4.693568] x86/mm: Checked W+X mappings: passed, no W+X pages found.
Loading, please wait...
starting version 237
[    4.993825] e1000: Intel(R) PRO/1000 Network Driver - version 7.3.21-k8-NAPI
[    5.012521] e1000: Copyright (c) 1999-2006 Intel Corporation.
[    5.096029] Fusion MPT base driver 3.04.20
[    5.108735] Copyright (c) 1999-2008 LSI Corporation
[    5.186056] Fusion MPT SPI Host driver 3.04.20
[    5.480640] input: ImExPS/2 Generic Explorer Mouse as /devices/platform/i8042/serio1/input/input4
[    6.878565] e1000 0000:00:03.0 eth0: (PCI:33MHz:32-bit) 02:47:43:72:71:6b
[    6.897493] e1000 0000:00:03.0 eth0: Intel(R) PRO/1000 Network Connection
[    6.927603] mptbase: ioc0: Initiating bringup
[    7.369353] ioc0: LSI53C1030 A0: Capabilities={Initiator}
[    7.842956] scsi host2: ioc0: LSI53C1030 A0, FwRev=00000000h, Ports=1, MaxQ=256, IRQ=20
[    8.446485] scsi 2:0:0:0: Direct-Access     VBOX     HARDDISK         1.0  PQ: 0 ANSI: 5
[    8.539060] scsi target2:0:0: Beginning Domain Validation
[    8.597432] scsi target2:0:0: Domain Validation skipping write tests
[    8.612536] scsi target2:0:0: Ending Domain Validation
[    8.625737] scsi target2:0:0: asynchronous
[    8.639797] scsi 2:0:1:0: Direct-Access     VBOX     HARDDISK         1.0  PQ: 0 ANSI: 5
[    8.956714] scsi target2:0:1: Beginning Domain Validation
[    8.998308] scsi target2:0:1: Domain Validation skipping write tests
[    9.017317] scsi target2:0:1: Ending Domain Validation
[    9.034922] scsi target2:0:1: asynchronous
[    9.087862] sd 2:0:0:0: [sda] 83886080 512-byte logical blocks: (42.9 GB/40.0 GiB)
[    9.111691] sd 2:0:0:0: Attached scsi generic sg0 type 0
[    9.131658] sd 2:0:0:0: [sda] Write Protect is off
[    9.145942] sd 2:0:0:0: [sda] Incomplete mode parameter data
[    9.161212] sd 2:0:0:0: [sda] Assuming drive cache: write through
[    9.183155] sd 2:0:1:0: Attached scsi generic sg1 type 0
[    9.205588] sd 2:0:1:0: [sdb] 20480 512-byte logical blocks: (10.5 MB/10.0 MiB)
[    9.229432] sd 2:0:1:0: [sdb] Write Protect is off
[    9.249611] sd 2:0:1:0: [sdb] Incomplete mode parameter data
[    9.261392] sd 2:0:1:0: [sdb] Assuming drive cache: write through
[    9.305742]  sda: sda1
[    9.330089] sd 2:0:1:0: [sdb] Attached SCSI disk
[    9.349624] sd 2:0:0:0: [sda] Attached SCSI disk
[   10.061904] e1000 0000:00:08.0 eth1: (PCI:33MHz:32-bit) 08:00:27:7d:a2:5c
[   10.068500] e1000 0000:00:08.0 eth1: Intel(R) PRO/1000 Network Connection
[   10.076834] e1000 0000:00:08.0 enp0s8: renamed from eth1
[   10.098164] e1000 0000:00:03.0 enp0s3: renamed from eth0
Begin: Loading essential drivers ... [   12.332290] raid6: sse2x1   gen() 79187 MB/s
[   14.336898] raid6: sse2x1   xor() 239035 MB/s
[   15.341432] raid6: sse2x2   gen() 354133 MB/s
[   16.341453] raid6: sse2x2   xor() 74482 MB/s
[   17.339931] raid6: sse2x4   gen() 128194 MB/s
[   17.398903] raid6: sse2x4   xor()  2784 MB/s
[   17.415046] raid6: using algorithm sse2x2 gen() 354133 MB/s
[   17.433098] raid6: .... xor() 74482 MB/s, rmw enabled
[   17.450117] raid6: using ssse3x2 recovery algorithm
[   17.475574] xor: measuring software checksum speed
[   17.529104]    prefetch64-sse:  5392.000 MB/sec
[   17.580888]    generic_sse:  5827.000 MB/sec
[   17.593462] xor: using function: generic_sse (5827.000 MB/sec)
[   17.619988] async_tx: api initialized (async)
done.
Begin: Running /scripts/init-premount ... done.
Begin: Mounting root file system ... Begin: Running /scripts/local-top ... done.
Begin: Running /scripts/local-premount ... [   17.859196] Btrfs loaded, crc32c=crc32c-intel
Scanning for Btrfs filesystems
done.
Warning: fsck not present, so skipping root file system
[   18.059755] EXT4-fs (sda1): mounted filesystem with ordered data mode. Opts: (null)
done.
Begin: Running /scripts/local-bottom ... done.
Begin: Running /scripts/init-bottom ... done.
[   18.726819] ip_tables: (C) 2000-2006 Netfilter Core Team
[   18.784030] systemd[1]: systemd 237 running in system mode. (+PAM +AUDIT +SELINUX +IMA +APPARMOR +SMACK +SYSVINIT +UTMP +LIBCRYPTSETUP +GCRYPT +GNUTLS +ACL +XZ +LZ4 +SECCOMP +BLKID +ELFUTILS +KMOD -IDN2 +IDN -PCRE2 default-hierarchy=hybrid)
[   18.841150] systemd[1]: Detected virtualization oracle.
[   18.856494] systemd[1]: Detected architecture x86-64.

Welcome to [1mUbuntu 18.04.6 LTS[0m!

[   18.980135] systemd[1]: Set hostname to <ubuntu>.
[   19.008847] random: systemd: uninitialized urandom read (16 bytes read)
[   19.026977] systemd[1]: Initializing machine ID from random generator.
[   19.047025] systemd[1]: Installed transient /etc/machine-id file.
[   20.031637] random: systemd: uninitialized urandom read (16 bytes read)
[   20.052083] systemd[1]: Started Forward Password Requests to Wall Directory Watch.
[[0;32m  OK  [0m] Started Forward Password Requests to Wall Directory Watch.
[   20.089913] random: systemd: uninitialized urandom read (16 bytes read)
[   20.111664] systemd[1]: Reached target Swap.
[[0;32m  OK  [0m] Reached target Swap.
[   20.136231] random: systemd: uninitialized urandom read (16 bytes read)
[   20.190504] systemd[1]: Created slice User and Session Slice.
[[0;32m  OK  [0m] Created slice User and Session Slice.
[   20.223668] systemd[1]: Set up automount Arbitrary Executable File Formats File System Automount Point.
[[0;32m  OK  [0m] Set up automount Arbitrary Executabâ€¦rmats File System Automount Point.
[[0;32m  OK  [0m] Reached target User and Group Name Lookups.
[[0;32m  OK  [0m] Reached target System Time Synchronized.
[[0;32m  OK  [0m] Reached target Mounting snaps.
[[0;32m  OK  [0m] Reached target Mounted snaps.
[[0;32m  OK  [0m] Created slice System Slice.
[[0;32m  OK  [0m] Listening on Syslog Socket.
[[0;32m  OK  [0m] Listening on udev Kernel Socket.
[[0;32m  OK  [0m] Listening on Device-mapper event daemon FIFOs.
[[0;32m  OK  [0m] Listening on fsck to fsckd communication Socket.
[[0;32m  OK  [0m] Listening on udev Control Socket.
[[0;32m  OK  [0m] Reached target Slices.
[[0;32m  OK  [0m] Listening on Journal Audit Socket.
[[0;32m  OK  [0m] Listening on /dev/initctl Compatibility Named Pipe.
[[0;32m  OK  [0m] Created slice system-serial\x2dgetty.slice.
[[0;32m  OK  [0m] Listening on LVM2 poll daemon socket.
[[0;32m  OK  [0m] Listening on Journal Socket (/dev/log).
[[0;32m  OK  [0m] Listening on Journal Socket.
         Starting Set the console keyboard layout...
         Starting udev Coldplug all Devices...
         Mounting Kernel Debug File System...
         Starting Create list of required stâ€¦ce nodes for the current kernel...
         Starting Load Kernel Modules...
         Starting File System Check on Root Device...
         Mounting Huge Pages File System...
[[0;32m  OK  [0m] [   20.627222] Loading iSCSI transport class v2.0-870.
Listening on LVM2 metadata daemon socket.
         Mounting POSIX Message Queue File System...
         Starting Journal Service...
         Starting Uncomplicated firewall...
[[0;32m  OK  [0m] Listening on Network Service Netlink Socket.[   20.751216] iscsi: registered transport (tcp)

         Starting Monitoring of LVM2 mirrorsâ€¦ng dmeventd or progress polling...
[[0;32m  OK  [0m] Mounted Kernel Debug File System.
[[0;32m  OK  [0m] Started Create list of required staâ€¦vice nodes for the current kernel.
[[0;32m  OK  [0m] Mounted Huge Pages File System.
[[0;32m  OK  [0m] Mounted POSIX Message Queue File System.
[[0;32m  OK  [0m] Started File System Check Daemon to report status.
         Starting Create Static Device Nodes in /dev...
[[0;32m  OK  [0m] Started Uncomplicated firewall.
[[0;32m  OK  [0m] Started File System Check on Root Device.
         Starting Remount Root and Kernel File Systems...
[[0;32m  OK  [0m] Started Journal Service.
[[0;32m  OK  [0m] Started udev Coldplug all Devices.
[[0;32m  OK  [0m] Started Create Static Device Nodes in /dev.
[   21.094383] random: lvm: uninitialized urandom read (4 bytes read)
[   21.123438] EXT4-fs (sda1): re-mounted. Opts: (null)
[[0;32m  OK  [0m] Started Remount Root and Kernel File Systems.
[   21.191836] random: systemd: uninitialized urandom read (16 bytes read)
[   21.223361] random: systemd-journal: uninitialized urandom read (16 bytes read)
[[0;32m  OK  [0m] Started LVM2 metadata daemon.
         Starting udev Kernel Device Manager...
         Starting Flush Journal to Persistent Storage...
[   21.318039] iscsi: registered transport (iser)
         Starting Load/Save Random Seed...
[[0;32m  OK  [0m] Started Monitoring of LVM2 mirrors,â€¦sing dmeventd or progress polling.
[[0;32m  OK  [0m] Started Load Kernel Modules.
         Mounting FUSE Control File System...
         Starting Apply Kernel Variables...
         Mounting Kernel Configuration File System...
[[0;32m  OK  [0m] Mounted FUSE Control File System.
[   21.430784] systemd-journald[390]: Received request to flush runtime journal from PID 1
[[0;32m  OK  [0m] Mounted Kernel Configuration File System.
[[0;32m  OK  [0m] Started Load/Save Random Seed.
[[0;32m  OK  [0m] Started udev Kernel Device Manager.
[[0;32m  OK  [0m] Started Apply Kernel Variables.
[[0;32m  OK  [0m] Started Flush Journal to Persistent Storage.
[[0;32m  OK  [0m] Found device /dev/ttyS0.
[[0;32m  OK  [0m] Listening on Load/Save RF Kill Switch Status /dev/rfkill Watch.
         Mounting Arbitrary Executable File Formats File System...
[[0;32m  OK  [0m] Started Set the console keyboard layout.
[[0;32m  OK  [0m] Mounted Arbitrary Executable File Formats File System.
[[0;32m  OK  [0m] Started Dispatch Password Requests to Console Directory Watch.
[[0;32m  OK  [0m] Reached target Local Encrypted Volumes.
[[0;32m  OK  [0m] Reached target Local File Systems (Pre).
[[0;32m  OK  [0m] Reached target Local File Systems.
         Starting ebtables ruleset management...
         Starting AppArmor initialization...
         Starting Tell Plymouth To Write Out Runtime Data...
         Starting Commit a transient machine-id on disk...
         Starting Create Volatile Files and Directories...
         Starting Set console font and keymap...
[[0;32m  OK  [0m] Started Tell Plymouth To Write Out Runtime Data.
[[0;32m  OK  [0m] Started Create Volatile Files and Directories.
         Starting Update UTMP about System Boot/Shutdown...
[[0;32m  OK  [0m] Started Update UTMP about System Boot/Shutdown.
[[0;32m  OK  [0m] Started Commit a transient machine-id on disk.
[[0;32m  OK  [0m] Started ebtables ruleset management.
[[0;32m  OK  [0m] Started AppArmor initialization.
         Starting Load AppArmor profiles managed internally by snapd...
         Starting Initial cloud-init job (pre-networking)...
[[0;32m  OK  [0m] Started Load AppArmor profiles managed internally by snapd.
[[0;32m  OK  [0m] Started Set console font and keymap.
[   31.882813] cloud-init[739]: Cloud-init v. 22.4.2-0ubuntu0~18.04.1 running 'init-local' at Thu, 16 Feb 2023 02:02:45 +0000. Up 30.75 seconds.
[[0;32m  OK  [0m] Started Initial cloud-init job (pre-networking).
[[0;32m  OK  [0m] Reached target Network (Pre).
         Starting Network Service...
[[0;32m  OK  [0m] Started Network Service.
         Starting Network Name Resolution...
         Starting Wait for Network to be Configured...
[[0;32m  OK  [0m] Started Network Name Resolution.
[[0;32m  OK  [0m] Reached target Network.
[[0;32m  OK  [0m] Reached target Host and Network Name Lookups.
[[0;32m  OK  [0m] Started Wait for Network to be Configured.
         Starting Initial cloud-init job (metadata service crawler)...
[   35.686077] cloud-init[889]: Cloud-init v. 22.4.2-0ubuntu0~18.04.1 running 'init' at Thu, 16 Feb 2023 02:02:50 +0000. Up 35.24 seconds.
[   35.701524] cloud-init[889]: ci-info: ++++++++++++++++++++++++++++++++++++++Net device info+++++++++++++++++++++++++++++++++++++++
[   35.710592] cloud-init[889]: ci-info: +--------+-------+----------------------------+---------------+--------+-------------------+
[   35.725697] cloud-init[889]: ci-info: | Device |   Up  |          Address           |      Mask     | Scope  |     Hw-Address    |
[   35.739355] cloud-init[889]: ci-info: +--------+-------+----------------------------+---------------+--------+-------------------+
[   35.752013] cloud-init[889]: ci-info: | enp0s3 |  True |         10.0.2.15          | 255.255.255.0 | global | 02:47:43:72:71:6b |
[   35.766020] cloud-init[889]: ci-info: | enp0s3 |  True | fe80::47:43ff:fe72:716b/64 |       .       |  link  | 02:47:43:72:71:6b |
[   35.779028] cloud-init[889]: ci-info: | enp0s8 | False |             .              |       .       |   .    | 08:00:27:7d:a2:5c |
[   35.793346] cloud-init[889]: ci-info: |   lo   |  True |         127.0.0.1          |   255.0.0.0   |  host  |         .         |
[   35.810915] cloud-init[889]: ci-info: |   lo   |  True |          ::1/128           |       .       |  host  |         .         |
[   35.831776] cloud-init[889]: ci-info: +--------+-------+----------------------------+---------------+--------+-------------------+
[   35.852886] cloud-init[889]: ci-info: ++++++++++++++++++++++++++++Route IPv4 info+++++++++++++++++++++++++++++
[   35.869239] cloud-init[889]: ci-info: +-------+-------------+----------+-----------------+-----------+-------+
[   35.889408] cloud-init[889]: ci-info: | Route | Destination | Gateway  |     Genmask     | Interface | Flags |
[   35.907052] cloud-init[889]: ci-info: +-------+-------------+----------+-----------------+-----------+-------+
[   35.923748] cloud-init[889]: ci-info: |   0   |   0.0.0.0   | 10.0.2.2 |     0.0.0.0     |   enp0s3  |   UG  |
[   35.945980] cloud-init[889]: ci-info: |   1   |   10.0.2.0  | 0.0.0.0  |  255.255.255.0  |   enp0s3  |   U   |
[   35.960006] cloud-init[889]: ci-info: |   2   |   10.0.2.2  | 0.0.0.0  | 255.255.255.255 |   enp0s3  |   UH  |
[   35.971924] cloud-init[889]: ci-info: +-------+-------------+----------+-----------------+-----------+-------+
[   35.987686] cloud-init[889]: ci-info: +++++++++++++++++++Route IPv6 info+++++++++++++++++++
[   36.005410] cloud-init[889]: ci-info: +-------+-------------+---------+-----------+-------+
[   36.018977] cloud-init[889]: ci-info: | Route | Destination | Gateway | Interface | Flags |
[   36.029834] cloud-init[889]: ci-info: +-------+-------------+---------+-----------+-------+
[   36.046155] cloud-init[889]: ci-info: |   1   |  fe80::/64  |    ::   |   enp0s3  |   U   |
[   36.061698] cloud-init[889]: ci-info: |   3   |    local    |    ::   |   enp0s3  |   U   |
[   36.077594] cloud-init[889]: ci-info: |   4   |   ff00::/8  |    ::   |   enp0s3  |   U   |
[   36.096104] cloud-init[889]: ci-info: +-------+-------------+---------+-----------+-------+
[   37.925826] cloud-init[889]: Generating public/private rsa key pair.
[   37.934616] cloud-init[889]: Your identification has been saved in /etc/ssh/ssh_host_rsa_key.
[   37.944172] cloud-init[889]: Your public key has been saved in /etc/ssh/ssh_host_rsa_key.pub.
[   37.953147] cloud-init[889]: The key fingerprint is:
[   37.958418] cloud-init[889]: SHA256:tuPnWWtK0ilEpqR8AdK4LPmEKWzctm2UPwWt/eeJWo4 root@ubuntu-bionic
[   37.967915] cloud-init[889]: The key's randomart image is:
[   37.973649] cloud-init[889]: +---[RSA 2048]----+
[   37.979171] cloud-init[889]: |  .o.   .        |
[   37.985285] cloud-init[889]: |  .... . .       |
[   37.989657] cloud-init[889]: |o=..  + *        |
[   37.994971] cloud-init[889]: |*+++ = * o       |
[   37.999812] cloud-init[889]: |o+. * + S .      |
[   38.004847] cloud-init[889]: |  .. + = o o .   |
[   38.009764] cloud-init[889]: |    .   * +.= .  |
[   38.015190] cloud-init[889]: |       . ==+.+   |
[   38.021535] cloud-init[889]: |        .E=+.    |
[   38.027265] cloud-init[889]: +----[SHA256]-----+
[   38.031220] cloud-init[889]: Generating public/private dsa key pair.
[   38.037079] cloud-init[889]: Your identification has been saved in /etc/ssh/ssh_host_dsa_key.
[   38.045153] cloud-init[889]: Your public key has been saved in /etc/ssh/ssh_host_dsa_key.pub.
[   38.053285] cloud-init[889]: The key fingerprint is:
[   38.057803] cloud-init[889]: SHA256:9Vd+Y9FzNTdY0ahNSnOu7rvUK7EN+IUM7TGWFZ7/stQ root@ubuntu-bionic
[   38.066064] cloud-init[889]: The key's randomart image is:
[   38.070967] cloud-init[889]: +---[DSA 1024]----+
[   38.077739] cloud-init[889]: |              +B=|
[   38.094491] cloud-init[889]: |            oo=.B|
[   38.114877] cloud-init[889]: |          .o @oo+|
[   38.131870] cloud-init[889]: |         ...O o++|
[   38.144928] cloud-init[889]: |        S  *.=.o+|
[   38.156729] cloud-init[889]: |          . Boo.+|
[   38.170357] cloud-init[889]: |           o.*+ E|
[   38.182017] cloud-init[[0;32m  OK  [0m] Started Initial cloud-init job (metadata service crawler).
[[0;32m  OK  [0m] Reached target System Initialization.
[[0;32m  OK  [0m] Listening on D-Bus System Message Bus Socket.
[[0;32m  OK  [0m] Listening on ACPID Listen Socket.
[[0;32m  OK  [0m] Listening on cloud-init hotplug hook socket.
[[0;32m  OK  [0m] Started Daily Cleanup of Temporary Directories.
[[0;32m  OK  [0m] Started Discard unused blocks once a week.
[[0;32m  OK  [0m] Listening on UUID daemon activation socket.
[[0;32m  OK  [0m] Started Ubuntu Advantage Timer for running repeated jobs.
[[0;32m  OK  [0m] Started ACPI Events Check.
[[0;32m  OK  [0m] Reached target Paths.
[[0;32m  OK  [0m] Started Message of the Day.
         Starting Socket activation for snappy daemon.
[[0;32m  OK  [0m] Listening on Open-iSCSI iscsid Socket.
[[0;32m  OK  [0m] Started Daily apt download activities.
[[0;32m  OK  [0m] Started Daily apt upgrade and clean activities.
[[0;32m  OK  [0m] Reached target Timers.
         Starting LXD - unix socket.
[[0;32m  OK  [0m] Reached target Cloud-config availability.
[[0;32m  OK  [0m] Reached target Network is Online.
[[0;32m  OK  [0m] Reached target Remote File Systems (Pre).
[[0;32m  OK  [0m] Reached target Remote File Systems.
         Starting Availability of block devices...
[[0;32m  OK  [0m] Listening on Socket activation for snappy daemon.
[[0;32m  OK  [0m] Listening on LXD - unix socket.
[[0;32m  OK  [0m] Reached target Sockets.
[[0;32m  OK  [0m] Reached target Basic System.
[[0;32m  OK  [0m] Started Deferred execution scheduler.
         Starting Snap Daemon...
         Starting Dispatcher daemon for systemd-networkd...
[[0;32m  OK  [0m] Started FUSE filesystem for LXC.
[889]:          Starting Login Service...
|           .=..+ |
[   38.475944] [[0;32m  OK  [0m] Started Regular background program processing daemon.
[[0;32m  OK  [0m] Started D-Bus System Message Bus.
cloud-init[889]: |           .++o  |
[   38.509219] cloud-init[889]: +----[SHA256]-----+
[   38.525679] cloud-init[889]: Generating public/private ecdsa key pair.
[   38.533880] cloud-init[889]: Your identification has been saved in /etc/ssh/ssh_host_ecdsa_key.
[   38.542098] cloud-init[889]: Your public key has been saved in /etc/ssh/ssh_host_ecdsa_key.pub.
[   38.550257] cloud-init[889]: The key fingerprint is:
[   38.571074] cloud-init[889]: SHA256:XePLMrEqSZ6aLYGFCz/T02Eur3tghVf07dt6VcN4cOU root@ubuntu-bionic
[   38.583660] cloud-init[889]: The key's randomart image is:
[   38.589909] cloud-init[889]: +---[ECDSA 256]---+
[   38.595589] cloud-init[889]: |       ..       o|
[   38.611443] cloud-init[889]: |        .. . . o |
[   38.615693] cloud-init[889]: |   . . .  . + = E|
[   38.620906] cloud-init[889]: |. . o =  . + o +.|
[   38.632194] cloud-init[889]: | o = * .S o o . o|
[   38.650369] cloud-init[889]: |  * B +    + +  .|
[   38.670601] cloud-init[889]: |   + O o  + + .. |
[   38.689949] cloud-init[889]: |    .oB  . o ..  |
[   38.719980] cloud-init[889]: |    =*...   ..   |
[   38.748704] cloud-init[889]: +----[SHA256]-----+
[   38.763698] cloud-init[889]: Generating public/private ed25519 key pair.
[   38.786285] cloud-init[889]: Your identification has been saved in /etc/ssh/ssh_host_ed25519_key.
[   38.810836] cloud-init[889]: Your public key has been saved in /etc/ssh/ssh_host_ed25519_key.pub.
[   38.837560] cloud-init[889]: The key fingerprint is:
[[0;32m  OK  [0m] Started Login Service.
[   38.869718] cloud-init[889]: [[0;32m  OK  [0m] Started irqbalance daemon.
SHA256:qtp38OG5eugBSmzNiWWNTGWjEHEG8vXaHgXdLJnQhRg root@ubuntu-bionic         Starting Permit User Sessions...

[   38.917453]          Starting Virtualbox guest utils...
[[0;32m  OK  [0m] Reached target Login Prompts (Pre).
[[0;32m  OK  [0m] Started Unattended Upgrades Shutdown.
cloud-init[889]: The key's randomart image is:
[   38.966232] cloud-init[889]: +--[ED25519 256]--+
[   38.983473] cloud-init[889]: |. =+=.E* B.      |         Starting LSB: automatic crash report generation...
         Starting Pollinate to seed the pseudo random number generator...
         Starting LSB: Record successful boot for GRUB...

         Starting System Logging Service...
         Starting Accounts Service...
         Starting LXD - container startup/shutdown...
[   39.062877] cloud-init[889]: [[0;32m  OK  [0m] Started Availability of block devices.
[[0;32m  OK  [0m] Started Permit User Sessions.
| o B *.oB o      |
[   39.192009]          Starting Terminate Plymouth Boot Screen...
         Starting Hold until boot process finishes up...
[[0;32m  OK  [0m] Started Terminate Plymouth Boot Screen.
cloud-init[889]: |  . * o ..       |
[   39.244070] [[0;32m  OK  [0m] Started Hold until boot process finishes up.
cloud-init         Starting Set console scheme...
[889]: [[0;32m  OK  [0m] Started Serial Getty on ttyS0.
| . * + .         |
[   39.354894] cloud-init[889]: |  = * o S        |
[[0;32m  OK  [0m] Started Set console scheme.
[[0;32m  OK  [0m] Created slice system-getty.slice.
[[0;32m  OK  [0m] Started Getty on tty1.
[[0;32m  OK  [0m] Reached target Login Prompts.
[   39.469231] cloud-init[889]: | o . o.o.        |
[   39.527857] [[0;32m  OK  [0m] Started LSB: automatic crash report generation.
cloud-init[889]: |  .   += o       |
[   39.636189] cloud-init[889]: |   . .o.*        |
[   39.656240] cloud-init[889]: |  ..ooo+..       |
[   39.672357] cloud-init[889]: +----[SHA256]-----+
[[0;32m  OK  [0m] Started LSB: Record successful boot for GRUB.
         Starting Authorization Manager...
[[0;32m  OK  [0m] Started Virtualbox guest utils.
[[0;32m  OK  [0m] Started System Logging Service.
[[0;32m  OK  [0m] Started Authorization Manager.
[[0;32m  OK  [0m] Started Accounts Service.
[[0;32m  OK  [0m] Started LXD - container startup/shutdown.
[[0;32m  OK  [0m] Started Dispatcher daemon for systemd-networkd.
[[0;32m  OK  [0m] Started Pollinate to seed the pseudo random number generator.
         Starting OpenBSD Secure Shell server...
[[0;32m  OK  [0m] Started OpenBSD Secure Shell server.
[[0;32m  OK  [0m] Started Snap Daemon.
         Starting Wait until snapd is fully seeded...
[[0;32m  OK  [0m] Created slice User Slice of vagrant.
         Starting User Manager for UID 1000...
[[0;32m  OK  [0m] Started Session 1 of user vagrant.
[[0;32m  OK  [0m] Started User Manager for UID 1000.
         Starting Time & Date Service...
[[0;32m  OK  [0m] Started Time & Date Service.

Ubuntu 18.04.6 LTS ubuntu-bionic ttyS0

ubuntu-bionic login: [   51.957807] cloud-init[1395]: Cloud-init v. 22.4.2-0ubuntu0~18.04.1 running 'modules:config' at Thu, 16 Feb 2023 02:03:03 +0000. Up 48.53 seconds.
ci-info: no authorized SSH keys fingerprints found for user ubuntu.
<14>Feb 16 02:03:09 cloud-init: #############################################################
<14>Feb 16 02:03:09 cloud-init: -----BEGIN SSH HOST KEY FINGERPRINTS-----
<14>Feb 16 02:03:09 cloud-init: 1024 SHA256:9Vd+Y9FzNTdY0ahNSnOu7rvUK7EN+IUM7TGWFZ7/stQ root@ubuntu-bionic (DSA)
<14>Feb 16 02:03:09 cloud-init: 256 SHA256:XePLMrEqSZ6aLYGFCz/T02Eur3tghVf07dt6VcN4cOU root@ubuntu-bionic (ECDSA)
<14>Feb 16 02:03:09 cloud-init: 256 SHA256:qtp38OG5eugBSmzNiWWNTGWjEHEG8vXaHgXdLJnQhRg root@ubuntu-bionic (ED25519)
<14>Feb 16 02:03:09 cloud-init: 2048 SHA256:tuPnWWtK0ilEpqR8AdK4LPmEKWzctm2UPwWt/eeJWo4 root@ubuntu-bionic (RSA)
<14>Feb 16 02:03:09 cloud-init: -----END SSH HOST KEY FINGERPRINTS-----
<14>Feb 16 02:03:09 cloud-init: #############################################################
-----BEGIN SSH HOST KEY KEYS-----
ecdsa-sha2-nistp256 AAAAE2VjZHNhLXNoYTItbmlzdHAyNTYAAAAIbmlzdHAyNTYAAABBBNuO+QwG5GxZJn2kP2T3R7SAl3e+sTMBQoYGoNtHAxiqoyiIAES1d71AmZrw2GjEKCxfqKLETt6OEgaYJE4ZUJI= root@ubuntu-bionic
ssh-ed25519 AAAAC3NzaC1lZDI1NTE5AAAAIM6/mSbRXpPlKEueZ2J4wLE/Nyz41BVi+L4AihjY48nO root@ubuntu-bionic
ssh-rsa AAAAB3NzaC1yc2EAAAADAQABAAABAQDG/VDFz0ClPHJ7Z3ddA67BjdzjsXc8yWsh2+XPcO70NiXNUDgcwfr0zArQXDkfl0RCvrRLiBVlNWqP0Dag3wsH1dEg37rCSsC11+vbFEn3HOn9Jm+m2pIgDqrFiGaXYCTIHuw/223Guv9eF2wdRcSXYZXpDvYxXEInaAp87utbmSvX/UbYIVPyoOyGJo27J3mx3Xv6GS+G+v0t8UCc4twaf7507roiLuZuK0nLNvSKAVTgeeOa0BbkWKng9fQdh/KcjaVN+dVdecs8m5cRXBkcn9XfYrohx6ffB7gxMQrqnUxW254Z5br9GyAoT6TPgQyisIvXPPuV6CX9F8YDEFoV root@ubuntu-bionic
-----END SSH HOST KEY KEYS-----
[   54.317804] cloud-init[1589]: Cloud-init v. 22.4.2-0ubuntu0~18.04.1 running 'modules:final' at Thu, 16 Feb 2023 02:03:08 +0000. Up 53.63 seconds.
[   54.318149] cloud-init[1589]: Cloud-init v. 22.4.2-0ubuntu0~18.04.1 finished at Thu, 16 Feb 2023 02:03:09 +0000. Datasource DataSourceNoCloud [seed=/dev/sdb][dsmode=net].  Up 54.23 seconds
